[travelnest.com/index.html]
[backblue.gif]
[fade.gif]
[index.html]
[travelnest.com/how-it-works.html]
[travelnest.com/pricing.html]
[framerusercontent.com/images/bMM8bAAT0PgX4hJF74WZK4cht04.png]
[framerusercontent.com/images/Q36a5xqZXtDLctXQaqnarqeBJY.png]
[framerusercontent.com/images/pEuvU9j2YWfLp5anVFjyI3l0I4.png]
[framerusercontent.com/images/BW4FweKMmFM3GLEqI5FXN5ksSE.png]
[framerusercontent.com/images/W0iRTEKOFehCv2MH90LGIris.png]
[travelnest.com/features/direct.html]
[framerusercontent.com/images/JLuWNa3kIi8WzECT4AKYOwlc.png]
[travelnest.com/features/management-dashboard.html]
[travelnest.com/features/calendar-sync.html]
[travelnest.com/features/global-exposure.html]
[framerusercontent.com/images/8U7h0Ijvp3TilrCdL6Rf57NwPEQ.png]
[framerusercontent.com/images/Wpru4xr5GbJ0USJYb9911I66hbA17f5.png]
[travelnest.com/features/on-hand-support.html]
[framerusercontent.com/images/khDFYQTx7Ttggkhi4w1cuBFwDw.jpg]
[framerusercontent.com/images/SYItBqYs3LJqQ4wjo5LpNvogaU.jpg]
[framerusercontent.com/images/L15U9P7XtEUHwFau4p8A8c2tPo.jpg]
[travelnest.com/channel/airbnb.html]
[travelnest.com/channel/booking-com.html]
[travelnest.com/channel/expedia.html]
[travelnest.com/channel/tripadvisor.html]
[travelnest.com/channel/vrbo.html]
[travelnest.com/channel/holidu.html]
[travelnest.com/news-and-insights.html]
[travelnest.com/faqs.html]
[travelnest.com/glossary.html]
[travelnest.com/careers.html]
[travelnest.com/index.html]
[www.googletagmanager.com/gtm5445.html]
[travelnest.com/contact.html]
[framerusercontent.com/images/p4myZdYdTBkZEtJJHQeGhZJH1U.jpg]
[framerusercontent.com/images/7hUf9wgb7QMbLGYN0hidVW7ib4.png]
[framerusercontent.com/images/cQGN9eibAmMpXoxgOhNgH5fxReM.png]
[framerusercontent.com/images/C1hs5Og6Oe3Q3vKBIeOobZVo8.png]
[framerusercontent.com/images/FeeECsFP8APfuMbJEOb5DG6qXY.png]
[framerusercontent.com/images/eVcEnWVeTNUEqvjahwLbeTJfag.png]
[framerusercontent.com/images/eP0qWYgWKPWRcXymMZ8MxId7HI.png]
[travelnest.com/how-it-works.html]
[travelnest.com/pricing.html]
[framerusercontent.com/images/wLDGJgmExjuW4A2EiMpIXEwCMdkbf23.png]
[framerusercontent.com/images/TlGsIddQf3fuLAkYHFHvTFVt5Mbf23.png]
[framerusercontent.com/images/N5rkiWrlsVR4rNTf3cVO9FX7Vcbf23.png]
[framerusercontent.com/images/otZ4NTGpInPff1k4NCvt2P9Abf23.png]
[framerusercontent.com/images/JsrLLrX0XY9rwSDltQwhHAzIIbf23.png]
[travelnest.com/features/direct.html]
[travelnest.com/features/management-dashboard.html]
[travelnest.com/features/calendar-sync.html]
[framerusercontent.com/images/eVzkLgUwy6YogKP3kXOgRNAYDI.png]
[travelnest.com/features/global-exposure.html]
[framerusercontent.com/images/kw2ERlZ9lf88oVmFvbYSPoPuXVI.png]
[framerusercontent.com/images/xdVoZWJV9qGUO1nBLI8Cs.jpg]
[travelnest.com/features/on-hand-support.html]
[framerusercontent.com/images/M37FLqDmAuQTvG5Fl4ZHM8Eyug.jpg]
[framerusercontent.com/images/YAPeGSo9QQYatXqTehATpaLMAyU.png]
[framerusercontent.com/images/JmZfW6DdcoTyNpZtvHYqBtKNTGA.png]
[framerusercontent.com/images/l47bY3e23Za9QTd7ZdI3f1mqRM.png]
[travelnest.com/channel/airbnb.html]
[framerusercontent.com/images/FqSCiMp54JGOjhetAGTT62eWTQ.jpg]
[framerusercontent.com/images/sVG9sjw8WYRXFk770GIyAtf5nww.png]
[framerusercontent.com/images/CM2J8LKjBnPB0aZOkBSmP61Qgw.png]
[travelnest.com/channel/booking-com.html]
[framerusercontent.com/images/Rl9KTQNoywW1QkEBNHpOMnoc5S8.png]
[framerusercontent.com/images/7CDBV5yT4706QopGO7zI5sihVE.jpg]
[framerusercontent.com/images/aliHeuzDfOmItgv76clz6fJCq80.png]
[framerusercontent.com/images/cM3iegupCCi1paDspNgi0SNrgg.png]
[framerusercontent.com/images/F62qt949wF9JfyF6TCedwyOJBBE.png]
[framerusercontent.com/images/LXFfpxTjlanxqApQPXt2vqDM8.png]
[framerusercontent.com/images/WjW2DGbtSRdcqsmu6o05C7IGJhQ.png]
[framerusercontent.com/images/NaN76TQmaqqVwrNrBhKFejcz8.png]
[framerusercontent.com/images/ikMHuxP8X7pVI2Nl229d2V7PSUo.png]
[travelnest.com/channel/expedia.html]
[framerusercontent.com/images/qCN1bFBab2JaBPCEbhmNVxrSuD0.png]
[framerusercontent.com/images/cp7eI9RxKtLHbhkstbpY6GfAU.png]
[framerusercontent.com/images/YPqxAOyRwthfsdZOtOn0nHhatR8.png]
[framerusercontent.com/images/iXJqFEkjj1mL2gfgY8Y0uAj8Ug.png]
[travelnest.com/channel/tripadvisor.html]
[framerusercontent.com/images/m3m4aKLWKFTYW7J2wg1snyei4.png]
[framerusercontent.com/images/nSL0P3DBT43aEL4xjanydue1Ht4.png]
[framerusercontent.com/images/lqf4aQYsHC0e6pNUoyme9CMmYhs.png]
[travelnest.com/channel/vrbo.html]
[framerusercontent.com/images/1cjoy1FDsKFZ9IEXlDkdYXOytiQ.png]
[framerusercontent.com/images/P7gdJQzPZ2JUIc0JGM2eRrkK3w.jpg]
[framerusercontent.com/images/QKDrjUki6djHLlJaLxmf4QN96w.png]
[travelnest.com/channel/holidu.html]
[travelnest.com/news-and-insights/travelnest-rebrand.html]
[framerusercontent.com/images/41Vhe9F33ubaFyhz2VbBMPaqkjc.jpg]
[travelnest.com/news-and-insights/holidu-new-channel.html]
[framerusercontent.com/images/dTsYNNo4VwKJ6zMbi9ibYKbgk.png]
[travelnest.com/news-and-insights/key-events-spring-2023.html]
[framerusercontent.com/images/tAHFk8iBAojjJCld7q44UWqJjw.png]
[travelnest.com/news-and-insights/10-most-popular-types-of-holiday-rental-accommodation.html]
[framerusercontent.com/images/U0Um5Qnwrhw2HrLB8Zo7Nvakwew.png]
[travelnest.com/news-and-insights/7-key-features-of-travelnest.html]
[framerusercontent.com/images/oocW0rHgtquBPWqDZ6Dcsv1V0kA.png]
[travelnest.com/news-and-insights/7-ways-to-encourage-repeat-bookings.html]
[framerusercontent.com/images/Tu5Vkh3QbDPaIdRryMfDfNGfd8.png]
[travelnest.com/news-and-insights/five-ways-vacation-rental-hosts-can-be-proactive-during-travel-lockdown.html]
[framerusercontent.com/images/CvTAj5Su0cM6Al9O8bxjj2AX1Y.jpg]
[travelnest.com/news-and-insights/using-local-events-to-increase-your-vacation-rental-revenue.html]
[framerusercontent.com/images/UxOEuHIjlQbkZNY1zHmp80XRBOY.png]
[travelnest.com/news-and-insights/how-to-succeed-as-a-holiday-rental-host-in-denmark.html]
[framerusercontent.com/images/nUUFBvPWbRbyLwXsmWagiN0uNw8.png]
[travelnest.com/news-and-insights/pricing-your-vacation-rental-right.html]
[framerusercontent.com/images/u0ovY3N9rhp8AoltmtIZ5zBTLbU.png]
[travelnest.com/news-and-insights/what-is-smart-pricing-for-vacation-rental-hosts.html]
[framerusercontent.com/images/2RNpeBuEH2DuYxdZo9DvI2njCds.png]
[travelnest.com/news-and-insights/using-social-media-to-boost-vacation-rental-bookings.html]
[framerusercontent.com/images/0LmteqxaQL0Iq5Hd1R2c00h41j0.png]
[travelnest.com/news-and-insights/getting-the-most-out-of-travelnest-direct.html]
[framerusercontent.com/images/DYkoAVzNOxNyNnFR89N7e9zeXIw.png]
[travelnest.com/news-and-insights/top-amenities-for-large-vacation-rentals.html]
[framerusercontent.com/images/l89x6MhzBf3uXeDjtCjOrDxxA.png]
[travelnest.com/news-and-insights/how-get-repeat-customers-booking-your-vacation-rental.html]
[framerusercontent.com/images/jKiW2DJpn8hdfWQUSdZopmntzWM.png]
[travelnest.com/news-and-insights/booking-com-premier-partner-status.html]
[framerusercontent.com/images/28EkhcBWWjVczv66Ssc0PWPX2o.png]
[travelnest.com/news-and-insights/buying-a-holiday-home-in-norway.html]
[framerusercontent.com/images/pYuYRbHyFQYVZXAAgAMZqeGUo.png]
[travelnest.com/news-and-insights/using-social-media-to-promote-your-vacation-rental-business.html]
[framerusercontent.com/images/8jp0wCJHQK8FyXtb0IpQTkL8VM.png]
[travelnest.com/news-and-insights/vacation-rental-regulations-in-austria.html]
[framerusercontent.com/images/gy3PKLy2dlN1jzVv7HHiQV08zQ.png]
[travelnest.com/news-and-insights/renting-a-holiday-home-in-denmark-on-airbnb.html]
[framerusercontent.com/images/KwLqyUErehHCxY5fOjm9UZOHw.png]
[travelnest.com/news-and-insights/unlocking-the-potential-of-your-holiday-home-in-austria.html]
[framerusercontent.com/images/qRzLdvLZW0WHg9kZhfm9086pk.png]
[travelnest.com/news-and-insights.html]
[travelnest.com/faqs.html]
[travelnest.com/glossary.html]
[framerusercontent.com/images/lNgH0NXluvoIz0LJ4hB53HV7nHQ.jpg]
[framerusercontent.com/images/sus1a6PcapMTlSP6hB8M0NoVzAM17f5.jpg]
[framerusercontent.com/images/WGk3SpcAuqnsQ6Q9KG36dD1Ad8.jpg]
[framerusercontent.com/images/uQSSxARHimVjYIk3S7Zh7N67E.png]
[travelnest.com/careers.html]
[travelnest.com/contact.html]
[framerusercontent.com/images/vVLXsVPksI6tzLo2ECkyK1a8JzY.jpg]
[framerusercontent.com/images/pWcY1bBk7pF3wJ1ShP89Ix81o.png]
[framerusercontent.com/images/sfDW0otvroIJTt1nOTV00vGDsxM.png]
[framerusercontent.com/images/csrTx3gcqpFFT8frLa1VKO5tJI.jpg]
[framerusercontent.com/images/J2p3wEkx8yA1g8gD0iuCSPuXdeA.png]
[framerusercontent.com/images/sbNyE8RYgN1Zp72Lx07qha6xGM.jpg]
[travelnest.com/news-and-insights/travelnest-rebrand.html]
[travelnest.com/news-and-insights/holidu-new-channel.html]
[travelnest.com/news-and-insights/key-events-spring-2023.html]
[travelnest.com/news-and-insights/10-most-popular-types-of-holiday-rental-accommodation.html]
[travelnest.com/news-and-insights/7-key-features-of-travelnest.html]
[travelnest.com/news-and-insights/7-ways-to-encourage-repeat-bookings.html]
[travelnest.com/news-and-insights/five-ways-vacation-rental-hosts-can-be-proactive-during-travel-lockdown.html]
[travelnest.com/news-and-insights/using-local-events-to-increase-your-vacation-rental-revenue.html]
[framerusercontent.com/images/rZrTxdZKbonofP1W6pdnZo8pY.png]
[framerusercontent.com/images/OmD4mDupc7ce6APV0ltyPvZEsLk.png]
[travelnest.com/news-and-insights/how-to-succeed-as-a-holiday-rental-host-in-denmark.html]
[travelnest.com/news-and-insights/pricing-your-vacation-rental-right.html]
[travelnest.com/news-and-insights/what-is-smart-pricing-for-vacation-rental-hosts.html]
[travelnest.com/news-and-insights/using-social-media-to-boost-vacation-rental-bookings.html]
[framerusercontent.com/images/2mvOpSp5NTHoz39GxTyji2IV5Jo.png]
[travelnest.com/news-and-insights/getting-the-most-out-of-travelnest-direct.html]
[framerusercontent.com/images/2be4DpDE7DJkkuINN7DaMnGe4x4.png]
[framerusercontent.com/images/UlqMw6ecfIcK58K0bDLmlZCoIOc.png]
[framerusercontent.com/images/uOSqBeuPVhsmojBDFFSdlY1KN08.png]
[framerusercontent.com/images/pMuaa1EuZejRicBm8rYSVviqaVA.png]
[travelnest.com/news-and-insights/top-amenities-for-large-vacation-rentals.html]
[travelnest.com/news-and-insights/how-get-repeat-customers-booking-your-vacation-rental.html]
[travelnest.com/news-and-insights/booking-com-premier-partner-status.html]
[framerusercontent.com/images/O4lFjafkbwyYLVEZgAQlkZURUUI.png]
[travelnest.com/news-and-insights/buying-a-holiday-home-in-norway.html]
[framerusercontent.com/images/0npRS14rDwiXYBCRKdG5cchorIs.png]
[travelnest.com/news-and-insights/using-social-media-to-promote-your-vacation-rental-business.html]
[travelnest.com/news-and-insights/vacation-rental-regulations-in-austria.html]
[travelnest.com/news-and-insights/renting-a-holiday-home-in-denmark-on-airbnb.html]
[framerusercontent.com/images/BhoWCwLLm3ELQORXY9HiFhnbgc.png]
[travelnest.com/news-and-insights/unlocking-the-potential-of-your-holiday-home-in-austria.html]
[travelnest.com/calendar-sync/index.html]
[travelnest.com/contact/index.html]
[travelnest.com/direct/index.html]
[travelnest.com/blog/marketing-tips/using-social-media-and-ads-to-grow-your-bookings/index.html]
[travelnest.com/blog/travelnest-updates/renting-a-holiday-home-in-denmark-on-airbnb/index.html]
[travelnest.com/blog/marketing-tips/how-to-write-the-perfect-vacation-rental-listing-description/index.html]
[travelnest.com/news-and-insights/how-to-write-the-perfect-vacation-rental-listing-description.html]
[travelnest.com/blog/marketing-tips/interior-design-trends-you-need-in-your-holiday-home/index.html]
[travelnest.com/news-and-insights/interior-design-trends-you-need-in-your-holiday-home.html]
[travelnest.com/blog/travelnest-updates/hosting-with-booking-com/index.html]
[travelnest.com/news-and-insights/hosting-with-booking-com.html]
[travelnest.com/blog/travelnest-updates/vacation-rental-travel-trends-of-2022/index.html]
[travelnest.com/marketing-channels/airbnb-advertising/index.html]
[travelnest.com/blog/travelnest-updates/vacation-rental-regulations-in-austria/index.html]
[travelnest.com/news-and-insights/vacation-rental-travel-trends-of-2022.html]
[framerusercontent.com/images/N9IYmr0kUpsckx3CnUgWdNHt68.png]
[travelnest.com/news-and-insights/how-to-write-the-perfect-vacation-rental-listing-description.html]
[ga.jspm.io/npm_es-module-shims@1.6.3/dist/es-module-shims.js]
[travelnest.com/index3943.html]
[framerusercontent.com/modules/tH3b4R2VnyQ9KN8KQjA5/9wTxaFRZzo7U79VPjMHu/augiA20Il.js]
[framerusercontent.com/modules/E6Mh0Ou1LPUnQZVymVAQ/sXPA6t7JtFPTWD9FUJO8/NewUoppLl.js]
[framerusercontent.com/modules/5Bk2lash3Rpr4Aowbumx/0p9HdcptmspjI4kFZ8ec/adkrLQKKo.js]
[framerusercontent.com/modules/V5JIsf5UpyvORVpdR8vV/fq6qWUHKmpqBsyijexPs/xjh17CZsk.js]
[framerusercontent.com/modules/FSL1INZGXTiTtOxgCJrX/fXSbWJqQwM58KBXvDYa0/ZLa8nVUoL.js]
[framerusercontent.com/modules/pnjd6oPqv7ey4a2TNlAS/5hEXCLAJuOsOrKzY9Pvw/kNG3IqMkO.js]
[framerusercontent.com/modules/IFDqPF8be7KvoIZIqIzN/sYauw7AS8sv3xV9D62LL/vyN6j2DYC.js]
[framerusercontent.com/modules/pXT9Pyk4qDwq0W2nsesg/laEwc60J9PJ37mkXD5wb/UFHbybsB2.js]
[framerusercontent.com/modules/uPNUDvBIjB1DMyJMNlh2/X2v4wG2CT7I5WLGDNsPc/k7g0SaPM4.js]
[framerusercontent.com/modules/kSq6lWGSfijSHXk1BobO/TSIY0yrGo5RKniTScGo8/JHgvFAhEt.js]
[framerusercontent.com/modules/yttSdYKdnzvm2pYyp92a/pVgDGUMalYSMYxyPIxWD/tgiUHDcX2.js]
[framerusercontent.com/modules/Ryua9fwjnteV4Ph0nJER/KTx6pqsMbffyYLPQKYpQ/BHpR2zKdQ.js]
[framerusercontent.com/modules/BFT6ZLjlo3aGuaKD1El4/4LutyPS0yklVKa9kwQY8/pNGuAVe6w.js]
[framerusercontent.com/modules/GYQkjnvjUjbEM9kKXrFE/EQhoIHs342x6VtEzbo4b/ajFxAtAAA.js]
[framerusercontent.com/modules/APam7CAR81uVVI3ozJMv/bD2BCxfi0MUxtgVngpME/BgNC_rRvm.js]
[framerusercontent.com/modules/VTS4Ml9kekoyjF80XEi8/DqegRAMV4AmPBzIL4LEI/LlsTkXyn4.js]
[framerusercontent.com/modules/zlM1cXhJo1vtXuqTQYjd/8BFGsl0ijBq3EDLBhank/DdNJLbZJm.js]
[framerusercontent.com/modules/caUK4EOjH2ib2AlHKTD3/x3ZhwtpzEMMM2iS21nJn/FTFA8VbrN.js]
[framerusercontent.com/modules/ewG0OhOnvlBQZ0SelV4c/mP5acIi8s34ThWMS78mi/qUuosYCS8.js]
[framerusercontent.com/modules/T2QfUdNqOPSHbiUaFptz/jXyOBPkCOgz7EQ0UuuFy/IC_IfPEqo.js]
[framerusercontent.com/modules/vyEEmGD3rV2mMJNPug4k/UE7E4nka1OScgsBoFvt1/JGWpXGnho.js]
[framerusercontent.com/modules/3jL6BeTvHRukb7y2Nzhs/JpAG3thOTU3ISjYbct3L/vi4T6ISym.js]
[framerusercontent.com/modules/WSI1f5FPkkuOJQf71tDW/xgRilz5WOEqQbRglrKCn/uVQuldNdy.js]
[framerusercontent.com/modules/0lxRY6qWgDVx15SUPciR/MmbSmsHq65xkME9F0Xcx/EGVRILN5c.js]
[framerusercontent.com/modules/P5b0nEHVc1xsdU7doHdb/U1ZSzrfw7lhiZQaSgJxs/XDYx6yP7t.js]
[framerusercontent.com/modules/Ts8jDjf79VI920gpxvwS/cWYu5spQXYtSQ0HBanbQ/obPoN0DDa.js]
[framerusercontent.com/modules/uEvo8lZ6T5fbTk8dyVQi/qybqjFjGedyT4nqqOExy/zLhR15TP1.js]
[framerusercontent.com/modules/LVUJoE2w2ZezEgbVYpwW/wHUEYkfVhfmm9Ufyt3Hz/MkmjXbFnI.js]
[framerusercontent.com/modules/Hul6HgfBFy5sgX0nQJjD/HTRmu00x3nNckIMeFBnS/g04d50cSg.js]
[framerusercontent.com/modules/CVnj9SxfbrcOK8Zlr3ss/41YQaE9W2pTelD5upILX/YpLT9CJ3X.js]
[framerusercontent.com/modules/t7aeKOQSmkPwiWIqaDli/sppwse5F1Of8MJ85cvgU/fFNXr456R.js]
[framerusercontent.com/modules/eaZWQX6zKgm5IaotR0eO/MUQzHyvtocXl4IRfSqGl/yyBybphlV.js]
[framerusercontent.com/modules/JntPB1aEmRoKJWbI9YjQ/fizEcBtgdrW32K9GDsCb/lXz2loREM.js]
[framerusercontent.com/modules/Gg1bRmm50sisW0NaneFa/4RC6KgrJPmpZhuyTukGw/k1xClf224.js]
[travelnest.com/news-and-insights/interior-design-trends-you-need-in-your-holiday-home.html]
[travelnest.com/news-and-insights/hosting-with-booking-com.html]
[framerusercontent.com/modules/qZyIbgay6vlyPIK511PN/C3zsn4Miy5EhIxTAMoyg/YvgAx9us1.js]
[framerusercontent.com/images/R84wDi0nQN6eGsg48H59hpZZ9Cw.png]
[framerusercontent.com/images/CeQbBLfSUBo5qATyD41ng69gLWo.png]
[framerusercontent.com/images/VSenVlWtwCHmtSlfuJjNxhFxho.png]
[framerusercontent.com/images/JOjm7Sr0ikSWJkfBHigEGdjAtak.png]
[framerusercontent.com/images/DgKKXSYYe9yypZl7pKbsgjTBCKU.png]
[travelnest.com/news-and-insights/vacation-rental-travel-trends-of-2022.html]
[travelnest.com/index3943.html]
[travelnest.com/blog/top-properties/top-destinations-for-travel-in-2023/index.html]
[travelnest.com/news-and-insights/top-destinations-for-travel-in-2023.html]
[framerusercontent.com/images/iLrFehGsocxwCgZsrxD8LbGmc.png]
[framerusercontent.com/images/5SS4ikG6gDpq81j7SWL3HfaO9p0.png]
[framerusercontent.com/images/sS7LCtHytde9VmzJKOrlI6nybIM.png]
[framerusercontent.com/images/39yMAolXffaCj0FYEFd3AKHkL8.png]
[framerusercontent.com/images/cOhmAnfELLFsVO1MeQh3DQyCVps.png]
[framerusercontent.com/images/K4Z1tCwmy0GiVgoMTFqtfTQoD4A.png]
[travelnest.com/news-and-insights/top-destinations-for-travel-in-2023.html]
